// Jest Snapshot v1, https://goo.gl/fbAQLP

exports[`Test in <GifGrid /> should match snapshot 1`] = `
<Fragment>
  <h3
    className="card animate__animated animate__fadeIn"
  >
    any category
  </h3>
  <p>
    Loading!!!
  </p>
  <div
    className="card-grid"
  />
</Fragment>
`;
