// Jest Snapshot v1, https://goo.gl/fbAQLP

exports[`Test in <GifGrifItem /> should correctly display the component 1`] = `
<div
  className="card animate__animated animate__fadeIn"
>
  <p>
    any title
  </p>
  <img
    alt="any title"
    src="http:any.com/any.jpg"
  />
</div>
`;
